2025-12-23 09:09:15,021 INFO __main__: Starting incremental benchmark for dataset=nytimes
2025-12-23 09:09:15,170 ERROR __main__: Benchmark failed: No accessible NYTimes dataset found; set hf_name/hf_config to a valid source or install the data locally
Traceback (most recent call last):
  File "/nethome/ksingara3/flash/Cobweb-Clustering-Language/src/benchmarks/incremental/nytimes.py", line 41, in load
    ds = load_dataset(cand["path"], name=cand["name"], **cand["kwargs"])
         ^^^^^^^^^^^^^^^^^^^^^^^^^^^^^^^^^^^^^^^^^^^^^^^^^^^^^^^^^^^^^^^
  File "/nethome/ksingara3/flash/miniconda3/envs/rag-cobweb/lib/python3.11/site-packages/datasets/load.py", line 2062, in load_dataset
    builder_instance = load_dataset_builder(
                       ^^^^^^^^^^^^^^^^^^^^^
  File "/nethome/ksingara3/flash/miniconda3/envs/rag-cobweb/lib/python3.11/site-packages/datasets/load.py", line 1782, in load_dataset_builder
    dataset_module = dataset_module_factory(
                     ^^^^^^^^^^^^^^^^^^^^^^^
  File "/nethome/ksingara3/flash/miniconda3/envs/rag-cobweb/lib/python3.11/site-packages/datasets/load.py", line 1652, in dataset_module_factory
    raise e1 from None
  File "/nethome/ksingara3/flash/miniconda3/envs/rag-cobweb/lib/python3.11/site-packages/datasets/load.py", line 1578, in dataset_module_factory
    raise DatasetNotFoundError(f"Dataset '{path}' doesn't exist on the Hub or cannot be accessed.") from e
datasets.exceptions.DatasetNotFoundError: Dataset 'jfinkels/nytimes' doesn't exist on the Hub or cannot be accessed.

The above exception was the direct cause of the following exception:

Traceback (most recent call last):
  File "/coc/flash10/ksingara3/Cobweb-Clustering-Language/src/benchmarks/incremental_benchmark.py", line 244, in <module>
    main(sys.argv[1:])
  File "/coc/flash10/ksingara3/Cobweb-Clustering-Language/src/benchmarks/incremental_benchmark.py", line 234, in main
    results, labels = runner.run()
                      ^^^^^^^^^^^^
  File "/coc/flash10/ksingara3/Cobweb-Clustering-Language/src/benchmarks/incremental_benchmark.py", line 167, in run
    dataset = self._load_dataset()
              ^^^^^^^^^^^^^^^^^^^^
  File "/coc/flash10/ksingara3/Cobweb-Clustering-Language/src/benchmarks/incremental_benchmark.py", line 106, in _load_dataset
    return NYTimesAnnotatedIncrementalDataset.load(batch_size=self.batch_size, first_batch_size=self.first_batch_size, max_docs=self.max_docs)
           ^^^^^^^^^^^^^^^^^^^^^^^^^^^^^^^^^^^^^^^^^^^^^^^^^^^^^^^^^^^^^^^^^^^^^^^^^^^^^^^^^^^^^^^^^^^^^^^^^^^^^^^^^^^^^^^^^^^^^^^^^^^^^^^^^^^
  File "/nethome/ksingara3/flash/Cobweb-Clustering-Language/src/benchmarks/incremental/nytimes.py", line 47, in load
    raise RuntimeError(
RuntimeError: No accessible NYTimes dataset found; set hf_name/hf_config to a valid source or install the data locally
srun: error: major: task 0: Exited with exit code 1
srun: Terminating StepId=2159439.0
